<?xml version="1.0" encoding="UTF-8"?>
<testsuites>
  <testsuite name="" tests="4" assertions="8" errors="0" warnings="0" failures="0" skipped="0" time="0.075809">
    <testsuite name="Gpdf Tests" tests="4" assertions="8" errors="0" warnings="0" failures="0" skipped="0" time="0.075809">
      <testsuite name="Omaralalwi\Gpdf\Tests\GpdfTest" file="/home/smahi/DATA-SSD/Sites/PHP/Laravel/lara-tryings/packages/Gpdf/tests/GpdfTest.php" tests="4" assertions="8" errors="0" warnings="0" failures="0" skipped="0" time="0.075809">
        <testcase name="testConfigFileExists" class="Omaralalwi\Gpdf\Tests\GpdfTest" classname="Omaralalwi.Gpdf.Tests.GpdfTest" file="/home/smahi/DATA-SSD/Sites/PHP/Laravel/lara-tryings/packages/Gpdf/tests/GpdfTest.php" line="24" assertions="2" time="0.001651">
          <system-out>
Config file exists : Yes
Config file is available : Yes it is available
</system-out>
        </testcase>
        <testcase name="testConfigFileKeys" class="Omaralalwi\Gpdf\Tests\GpdfTest" classname="Omaralalwi.Gpdf.Tests.GpdfTest" file="/home/smahi/DATA-SSD/Sites/PHP/Laravel/lara-tryings/packages/Gpdf/tests/GpdfTest.php" line="38" assertions="3" time="0.000180"/>
        <testcase name="testCreatePdf" class="Omaralalwi\Gpdf\Tests\GpdfTest" classname="Omaralalwi.Gpdf.Tests.GpdfTest" file="/home/smahi/DATA-SSD/Sites/PHP/Laravel/lara-tryings/packages/Gpdf/tests/GpdfTest.php" line="49" assertions="1" time="0.048553"/>
        <testcase name="testArabicContent" class="Omaralalwi\Gpdf\Tests\GpdfTest" classname="Omaralalwi.Gpdf.Tests.GpdfTest" file="/home/smahi/DATA-SSD/Sites/PHP/Laravel/lara-tryings/packages/Gpdf/tests/GpdfTest.php" line="58" assertions="2" time="0.025425"/>
      </testsuite>
    </testsuite>
  </testsuite>
</testsuites>
